
> backend@1.0.0 test
> cross-env NODE_ENV=test jest

  console.log
    [dotenv@17.2.4] injecting env (0) from .env -- tip: ≡ƒöÉ prevent committing .env to code: https://dotenvx.com/precommit

      at _log (node_modules/dotenv/lib/main.js:142:11)

  console.log
    [dotenv@17.2.4] injecting env (0) from .env -- tip: Γ£à audit secrets and track compliance: https://dotenvx.com/ops

      at _log (node_modules/dotenv/lib/main.js:142:11)

  console.log
    [dotenv@17.2.4] injecting env (0) from .env -- tip: ≡ƒôí add observability to secrets: https://dotenvx.com/ops

      at _log (node_modules/dotenv/lib/main.js:142:11)

node.exe : PASS tests
/unit/userController.
test.js (7.309 s)
At line:1 char:1
+ & "C:\Program Files
\nodejs/node.exe" 
"C:\Program 
Files\nodejs/node_mo 
...
+ ~~~~~~~~~~~~~~~~~~~
~~~~~~~~~~~~~~~~~~~~~
~~~~~~~~~~~~~~~~~~~~~
~~~~~~~~
    + CategoryInfo   
           : NotSpe  
  cified: (PASS te   
 sts/unit...st.js    
 (7.309 s):Strin    
g) [], RemoteExc    
eption
    + FullyQualified 
   ErrorId : Native  
  CommandError
 
  User Controller - 
createUser
    ΓêÜ should 
return 400 if 
firebaseUid is 
missing (21 ms)
    ΓêÜ should 
return 200 if user 
already exists (4 ms)
    ΓêÜ should 
create a new user if 
not exists (4 ms)

PASS tests/integratio
n/userRoutes.test.js 
(7.553 s)
  User Routes 
Integration Tests
    ΓêÜ POST 
/api/users/create 
should create a new 
user (209 ms)
    ΓêÜ POST 
/api/users/create 
should return 
existing user if 
duplicate (42 ms)
    ΓêÜ POST 
/api/users/create 
shoud fail without 
firebaseUid (23 ms)

Test Suites: 2 
passed, 2 total
Tests:       6 
passed, 6 total
Snapshots:   0 total
Time:        8.869 s
Ran all test suites.
